// Jest Snapshot v1, https://goo.gl/fbAQLP

exports[`board tests renders correctly 1`] = `
<div>
  <div
    class=""
  >
    <div
      class="makeStyles-header-1"
    >
      <img
        alt="snaky"
        class="makeStyles-snake-2"
        src="snake.png"
      />
      <h1>
        Snaky
      </h1>
      v0.1
    </div>
    <p
      class="makeStyles-score-3"
      id="score"
    />
  </div>
</div>
`;
